{
  "bomFormat": "CycloneDX",
  "components": [
    {
      "bom-ref": "/nix/store/0ccs6hz7sc4awva8a8sjnzgga12nay4h-die-hook",
      "description": "",
      "externalReferences": [],
      "name": "die-hook",
      "properties": [],
      "type": "application"
    },
    {
      "bom-ref": "/nix/store/0fpawyv7ya4h142g3pd59i2xhl763rs9-stdenv-linux",
      "description": "The default build environment for Unix packages in Nixpkgs",
      "externalReferences": [],
      "name": "stdenv-linux",
      "properties": [],
      "type": "application"
    },
    {
      "bom-ref": "/nix/store/2ybaa43d5v5gajvdxhzsmz9ziyf58cns-nghttp2-1.57.0-dev",
      "description": "HTTP/2 C library and tools",
      "externalReferences": [
        {
          "type": "website",
          "url": "https://nghttp2.org/"
        }
      ],
      "licenses": [
        {
          "license": {
            "id": "MIT"
          }
        }
      ],
      "name": "nghttp2",
      "properties": [],
      "purl": "pkg:generic/nghttp2@1.57.0",
      "type": "application",
      "version": "1.57.0"
    },
    {
      "bom-ref": "/nix/store/6mxbp3n61lgm8y1asmpc1nhb4n8q4bb4-keyutils-1.6.3-dev",
      "description": "Tools used to control the Linux kernel key management system",
      "externalReferences": [
        {
          "type": "website",
          "url": "https://people.redhat.com/dhowells/keyutils/"
        }
      ],
      "licenses": [
        {
          "license": {
            "id": "GPL-2.0-or-later"
          }
        }
      ],
      "name": "keyutils",
      "properties": [],
      "purl": "pkg:generic/keyutils@1.6.3",
      "type": "application",
      "version": "1.6.3"
    },
    {
      "bom-ref": "/nix/store/6w35v1ins39ks7kf1cq1zm6mcapq3n6b-libkrb5-1.20.2-dev",
      "description": "MIT Kerberos 5",
      "externalReferences": [
        {
          "type": "website",
          "url": "http://web.mit.edu/kerberos/"
        }
      ],
      "licenses": [
        {
          "license": {
            "id": "MIT"
          }
        }
      ],
      "name": "libkrb5",
      "properties": [],
      "purl": "pkg:generic/libkrb5@1.20.2",
      "type": "application",
      "version": "1.20.2"
    },
    {
      "bom-ref": "/nix/store/7fwhcwh9dgyz8h1f9s9m25iwsvk5cyvf-make-shell-wrapper-hook",
      "description": "",
      "externalReferences": [],
      "name": "make-shell-wrapper-hook",
      "properties": [],
      "type": "application"
    },
    {
      "bom-ref": "/nix/store/7rdxg97qrramvw6vkpk8xz718nkfvj2j-zlib-1.3-dev",
      "description": "Lossless data-compression library",
      "externalReferences": [
        {
          "type": "website",
          "url": "https://zlib.net"
        }
      ],
      "licenses": [
        {
          "license": {
            "id": "Zlib"
          }
        }
      ],
      "name": "zlib",
      "properties": [],
      "purl": "pkg:generic/zlib@1.3",
      "type": "application",
      "version": "1.3"
    },
    {
      "bom-ref": "/nix/store/9ljmdv46sk8m8vxg70dgaxhgmbyqkjva-hello-2.12.1",
      "description": "A program that produces a familiar, friendly greeting",
      "externalReferences": [
        {
          "type": "website",
          "url": "https://www.gnu.org/software/hello/manual/"
        }
      ],
      "licenses": [
        {
          "license": {
            "id": "GPL-3.0-or-later"
          }
        }
      ],
      "name": "hello",
      "properties": [],
      "purl": "pkg:generic/hello@2.12.1",
      "type": "application",
      "version": "2.12.1"
    },
    {
      "bom-ref": "/nix/store/c9h1jirkjyk5laj14mz0rwy2i5xk01jm-openssl-3.0.13-dev",
      "description": "A cryptographic library that implements the SSL and TLS protocols",
      "externalReferences": [
        {
          "type": "website",
          "url": "https://www.openssl.org/"
        }
      ],
      "licenses": [
        {
          "license": {
            "id": "Apache-2.0"
          }
        }
      ],
      "name": "openssl",
      "properties": [],
      "purl": "pkg:generic/openssl@3.0.13",
      "type": "application",
      "version": "3.0.13"
    },
    {
      "bom-ref": "/nix/store/cb55mc80a5lvvr5ldjhykcf0051s3j54-perl-5.38.2",
      "description": "The standard implementation of the Perl 5 programming language",
      "externalReferences": [
        {
          "type": "website",
          "url": "https://www.perl.org/"
        }
      ],
      "licenses": [
        {
          "license": {
            "id": "Artistic-1.0"
          }
        }
      ],
      "name": "perl",
      "properties": [],
      "purl": "pkg:generic/perl@5.38.2",
      "type": "application",
      "version": "5.38.2"
    },
    {
      "bom-ref": "/nix/store/czfwxjxy9k63yz5h49xk7bcnafc73g9a-libxcrypt-4.4.36",
      "description": "Extended crypt library for descrypt, md5crypt, bcrypt, and others",
      "externalReferences": [
        {
          "type": "website",
          "url": "https://github.com/besser82/libxcrypt/"
        }
      ],
      "licenses": [
        {
          "license": {
            "id": "LGPL-2.1-or-later"
          }
        }
      ],
      "name": "libxcrypt",
      "properties": [],
      "purl": "pkg:generic/libxcrypt@4.4.36",
      "type": "application",
      "version": "4.4.36"
    },
    {
      "bom-ref": "/nix/store/ka4vix0ddzwd8gpkklg5j1x8f6mczcm6-hello-2.12.1",
      "description": "",
      "externalReferences": [],
      "name": "hello",
      "properties": [],
      "purl": "pkg:generic/hello@2.12.1",
      "type": "application",
      "version": "2.12.1"
    },
    {
      "bom-ref": "/nix/store/mc1z13wz71r4dapsy54wwsc8c29s6847-perl-5.38.2",
      "description": "The standard implementation of the Perl 5 programming language",
      "externalReferences": [
        {
          "type": "website",
          "url": "https://www.perl.org/"
        }
      ],
      "licenses": [
        {
          "license": {
            "id": "Artistic-1.0"
          }
        }
      ],
      "name": "perl",
      "properties": [],
      "purl": "pkg:generic/perl@5.38.2",
      "type": "application",
      "version": "5.38.2"
    },
    {
      "bom-ref": "/nix/store/n4z945b4y3ndnjl9hn4s6j590fdxbdvr-libssh2-1.11.0-dev",
      "description": "A client-side C library implementing the SSH2 protocol",
      "externalReferences": [
        {
          "type": "website",
          "url": "https://www.libssh2.org"
        }
      ],
      "licenses": [
        {
          "license": {
            "id": "BSD-3-Clause"
          }
        },
        {
          "license": {
            "name": "libssh2 License"
          }
        }
      ],
      "name": "libssh2",
      "properties": [],
      "purl": "pkg:generic/libssh2@1.11.0",
      "type": "application",
      "version": "1.11.0"
    },
    {
      "bom-ref": "/nix/store/p34mh9lwxc3fk79r75inla03v1qimns3-curl-8.4.0-dev",
      "description": "A command line tool for transferring files with URL syntax",
      "externalReferences": [
        {
          "type": "website",
          "url": "https://curl.se/"
        }
      ],
      "licenses": [
        {
          "license": {
            "id": "curl"
          }
        }
      ],
      "name": "curl",
      "properties": [],
      "purl": "pkg:generic/curl@8.4.0",
      "type": "application",
      "version": "8.4.0"
    },
    {
      "bom-ref": "/nix/store/pa10z4ngm0g83kx9mssrqzz30s84vq7k-hello-2.12.1.tar.gz",
      "description": "",
      "externalReferences": [],
      "name": "hello",
      "properties": [],
      "type": "application"
    },
    {
      "bom-ref": "/nix/store/w7p1wzqdx58gkw9ybq1snmbw25885yax-pkg-config-wrapper-0.29.2",
      "description": "A tool that allows packages to find out information about other packages (wrapper script)",
      "externalReferences": [
        {
          "type": "website",
          "url": "http://pkg-config.freedesktop.org/wiki/"
        }
      ],
      "licenses": [
        {
          "license": {
            "id": "GPL-2.0-or-later"
          }
        }
      ],
      "name": "pkg-config-wrapper",
      "properties": [],
      "purl": "pkg:generic/pkg-config-wrapper@0.29.2",
      "type": "application",
      "version": "0.29.2"
    }
  ],
  "dependencies": [
    {
      "dependsOn": [],
      "ref": "/nix/store/0ccs6hz7sc4awva8a8sjnzgga12nay4h-die-hook"
    },
    {
      "dependsOn": [],
      "ref": "/nix/store/0fpawyv7ya4h142g3pd59i2xhl763rs9-stdenv-linux"
    },
    {
      "dependsOn": [
        "/nix/store/w7p1wzqdx58gkw9ybq1snmbw25885yax-pkg-config-wrapper-0.29.2"
      ],
      "ref": "/nix/store/2ybaa43d5v5gajvdxhzsmz9ziyf58cns-nghttp2-1.57.0-dev"
    },
    {
      "dependsOn": [],
      "ref": "/nix/store/6mxbp3n61lgm8y1asmpc1nhb4n8q4bb4-keyutils-1.6.3-dev"
    },
    {
      "dependsOn": [
        "/nix/store/6mxbp3n61lgm8y1asmpc1nhb4n8q4bb4-keyutils-1.6.3-dev",
        "/nix/store/c9h1jirkjyk5laj14mz0rwy2i5xk01jm-openssl-3.0.13-dev",
        "/nix/store/cb55mc80a5lvvr5ldjhykcf0051s3j54-perl-5.38.2",
        "/nix/store/w7p1wzqdx58gkw9ybq1snmbw25885yax-pkg-config-wrapper-0.29.2"
      ],
      "ref": "/nix/store/6w35v1ins39ks7kf1cq1zm6mcapq3n6b-libkrb5-1.20.2-dev"
    },
    {
      "dependsOn": [
        "/nix/store/0ccs6hz7sc4awva8a8sjnzgga12nay4h-die-hook"
      ],
      "ref": "/nix/store/7fwhcwh9dgyz8h1f9s9m25iwsvk5cyvf-make-shell-wrapper-hook"
    },
    {
      "dependsOn": [],
      "ref": "/nix/store/7rdxg97qrramvw6vkpk8xz718nkfvj2j-zlib-1.3-dev"
    },
    {
      "dependsOn": [],
      "ref": "/nix/store/9ljmdv46sk8m8vxg70dgaxhgmbyqkjva-hello-2.12.1"
    },
    {
      "dependsOn": [
        "/nix/store/7fwhcwh9dgyz8h1f9s9m25iwsvk5cyvf-make-shell-wrapper-hook",
        "/nix/store/cb55mc80a5lvvr5ldjhykcf0051s3j54-perl-5.38.2"
      ],
      "ref": "/nix/store/c9h1jirkjyk5laj14mz0rwy2i5xk01jm-openssl-3.0.13-dev"
    },
    {
      "dependsOn": [
        "/nix/store/czfwxjxy9k63yz5h49xk7bcnafc73g9a-libxcrypt-4.4.36"
      ],
      "ref": "/nix/store/cb55mc80a5lvvr5ldjhykcf0051s3j54-perl-5.38.2"
    },
    {
      "dependsOn": [
        "/nix/store/mc1z13wz71r4dapsy54wwsc8c29s6847-perl-5.38.2"
      ],
      "ref": "/nix/store/czfwxjxy9k63yz5h49xk7bcnafc73g9a-libxcrypt-4.4.36"
    },
    {
      "dependsOn": [],
      "ref": "/nix/store/ka4vix0ddzwd8gpkklg5j1x8f6mczcm6-hello-2.12.1"
    },
    {
      "dependsOn": [],
      "ref": "/nix/store/mc1z13wz71r4dapsy54wwsc8c29s6847-perl-5.38.2"
    },
    {
      "dependsOn": [
        "/nix/store/7rdxg97qrramvw6vkpk8xz718nkfvj2j-zlib-1.3-dev",
        "/nix/store/c9h1jirkjyk5laj14mz0rwy2i5xk01jm-openssl-3.0.13-dev"
      ],
      "ref": "/nix/store/n4z945b4y3ndnjl9hn4s6j590fdxbdvr-libssh2-1.11.0-dev"
    },
    {
      "dependsOn": [
        "/nix/store/2ybaa43d5v5gajvdxhzsmz9ziyf58cns-nghttp2-1.57.0-dev",
        "/nix/store/6w35v1ins39ks7kf1cq1zm6mcapq3n6b-libkrb5-1.20.2-dev",
        "/nix/store/7rdxg97qrramvw6vkpk8xz718nkfvj2j-zlib-1.3-dev",
        "/nix/store/c9h1jirkjyk5laj14mz0rwy2i5xk01jm-openssl-3.0.13-dev",
        "/nix/store/cb55mc80a5lvvr5ldjhykcf0051s3j54-perl-5.38.2",
        "/nix/store/n4z945b4y3ndnjl9hn4s6j590fdxbdvr-libssh2-1.11.0-dev",
        "/nix/store/w7p1wzqdx58gkw9ybq1snmbw25885yax-pkg-config-wrapper-0.29.2"
      ],
      "ref": "/nix/store/p34mh9lwxc3fk79r75inla03v1qimns3-curl-8.4.0-dev"
    },
    {
      "dependsOn": [
        "/nix/store/p34mh9lwxc3fk79r75inla03v1qimns3-curl-8.4.0-dev"
      ],
      "ref": "/nix/store/pa10z4ngm0g83kx9mssrqzz30s84vq7k-hello-2.12.1.tar.gz"
    },
    {
      "dependsOn": [],
      "ref": "/nix/store/w7p1wzqdx58gkw9ybq1snmbw25885yax-pkg-config-wrapper-0.29.2"
    }
  ],
  "serialNumber": "urn:uuid:00000000-0000-0000-0000-000000000000",
  "specVersion": "1.4",
  "version": 1
}